{
'project:src/examples/transforms/global/CompiledAtExample.groovy':[
11,
],
'project:src/test/Outer3.groovy':[
16,
18,
],
'project:src/test/Outer4.groovy':[
16,
18,
],
'project:src/test/groovy/Bar.groovy':[
27,
],
'project:src/test/groovy/KeywordsInPropertyNamesTest.groovy':[
142,
],
'project:src/test/groovy/SpreadDotTest.groovy':[
153,
154,
155,
],
'project:src/test/groovy/StaticImportTest.groovy':[
357,
358,
361,
362,
],
'project:src/test/groovy/bugs/Groovy2951Bug.groovy':[
42,
44,
],
'project:src/test/groovy/bugs/Groovy3424Bug.groovy':[
62,
],
'project:src/test/groovy/bugs/Groovy3871Bug.groovy':[
40,
],
'project:src/test/groovy/bugs/Groovy4202Bug.groovy':[
33,
],
'project:src/test/groovy/bugs/Groovy4241Bug.groovy':[
35,
37,
],
'project:src/test/groovy/bugs/Groovy4720Bug.groovy':[
49,
],
'project:src/test/groovy/bugs/Groovy4861Bug.groovy':[
17,
],
'project:src/test/groovy/lang/ExpandoMetaClassTest.groovy':[
827,
883,
],
'project:src/test/groovy/lang/GroovyClassLoaderTest.groovy':[
225,
226,
],
'project:src/test/groovy/lang/MetaClassPropertyTest.groovy':[
54,
],
'project:src/test/groovy/lang/MixinTest.groovy':[
490,
506,
],
'project:src/test/groovy/script/ClassWithScript.groovy':[
1,
],
'project:src/test/groovy/transform/stc/GenericsSTCTest.groovy':[
1394,
],
'project:src/test/org/codehaus/groovy/ast/tools/WideningCategoriesTest.groovy':[
339,
340,
346,
350,
],
'project:src/test/org/codehaus/groovy/control/customizers/ImportCustomizerTest.groovy':[
113,
],
'project:subprojects/groovy-groovydoc/src/test/groovy/org/codehaus/groovy/tools/groovydoc/testfiles/DocumentedClass.groovy':[
21,
],
'project:subprojects/groovy-groovydoc/src/test/groovy/org/codehaus/groovy/tools/groovydoc/testfiles/InnerEnum.groovy':[
19,
],
'project:subprojects/groovy-groovydoc/src/test/groovy/org/codehaus/groovy/tools/groovydoc/testfiles/a/Base.groovy':[
19,
],
'project:subprojects/groovy-groovydoc/src/test/groovy/org/codehaus/groovy/tools/groovydoc/testfiles/b/Base.groovy':[
19,
],
'project:subprojects/groovy-groovydoc/src/test/groovy/org/codehaus/groovy/tools/groovydoc/testfiles/c/DescendantF.groovy':[
22,
],
}
