{
'project:src/main/org/codehaus/groovy/transform/tailrec/AstHelper.groovy':[
0,
],
'project:src/main/org/codehaus/groovy/transform/tailrec/CollectRecursiveCalls.groovy':[
0,
],
'project:src/main/org/codehaus/groovy/transform/tailrec/InWhileLoopWrapper.groovy':[
0,
],
'project:src/main/org/codehaus/groovy/transform/tailrec/RecursivenessTester.groovy':[
0,
],
'project:src/test/groovy/CategoryTest.groovy':[
0,
],
'project:src/test/groovy/MapConstructionTest.groovy':[
0,
],
'project:src/test/org/codehaus/groovy/runtime/ResourceGroovyMethodsTest.groovy':[
0,
],
'project:src/test/org/codehaus/groovy/transform/tailrec/InWhileLoopWrapperTest.groovy':[
0,
],
'project:src/test/org/codehaus/groovy/transform/tailrec/RecursivenessTesterTest.groovy':[
0,
],
'project:src/test/org/codehaus/groovy/transform/tailrec/ReturnAdderForClosuresTest.groovy':[
0,
],
'project:src/test/org/codehaus/groovy/transform/tailrec/ReturnStatementToIterationConverterTest.groovy':[
0,
],
'project:src/test/org/codehaus/groovy/transform/tailrec/TailRecursiveCompilationFailuresTest.groovy':[
0,
],
'project:src/test/org/codehaus/groovy/transform/tailrec/TailRecursiveTogetherWithOtherASTsTest.groovy':[
0,
],
'project:src/test/org/codehaus/groovy/transform/tailrec/TailRecursiveTransformationTest.groovy':[
0,
],
'project:subprojects/groovy-console/src/main/groovy/groovy/ui/Console.groovy':[
0,
],
'project:subprojects/groovy-console/src/main/groovy/groovy/ui/view/BasicMenuBar.groovy':[
0,
],
'project:subprojects/groovy-console/src/main/groovy/groovy/ui/view/MacOSXMenuBar.groovy':[
0,
],
'project:subprojects/groovy-json/src/test/groovy/groovy/json/JsonOutputTest.groovy':[
0,
],
'project:subprojects/groovy-servlet/src/test/groovy/groovy/servlet/ServletBindingTest.groovy':[
0,
],
}
