{
'project:benchmark/bench/regexdna.groovy':[
16,
30,
],
'project:src/examples/commandLineTools/SimpleWebServer.groovy':[
15,
],
'project:src/examples/console/MortgageCalculator.groovy':[
14,
],
'project:src/examples/groovy/j2ee/CreateData.groovy':[
7,
],
'project:src/examples/groovy/swing/SwingDemo.groovy':[
20,
],
'project:src/examples/groovy2d/paintingByNumbers.groovy':[
33,
],
'project:src/examples/groovyShell/ArithmeticShell.groovy':[
73,
85,
94,
99,
],
'project:src/examples/swing/BloglinesClient.groovy':[
95,
150,
],
'project:src/examples/swing/ModelNodeExample.groovy':[
9,
46,
],
'project:src/examples/swing/Widgets.groovy':[
30,
39,
65,
100,
105,
119,
124,
133,
138,
146,
151,
160,
163,
169,
175,
181,
191,
],
'project:src/examples/swing/binding/caricature/Caricature.groovy':[
8,
],
'project:src/examples/swing/greet/View.groovy':[
17,
23,
29,
35,
82,
91,
94,
96,
116,
122,
129,
],
'project:src/examples/swing/timelog/TimeLogView.groovy':[
14,
],
'project:src/main/groovy/beans/ListenerListASTTransformation.groovy':[
133,
195,
254,
313,
],
'project:src/main/groovy/grape/GrapeIvy.groovy':[
380,
600,
636,
],
'project:src/main/org/codehaus/groovy/classgen/genArrayAccess.groovy':[
36,
],
'project:src/main/org/codehaus/groovy/classgen/genMathModification.groovy':[
18,
97,
114,
],
'project:src/spec/test/CustomizersTest.groovy':[
148,
161,
],
'project:src/spec/test/SyntaxTest.groovy':[
486,
],
'project:src/test-resources/groovy/transform/stc/NthArgumentTestingTestExtension.groovy':[
1,
],
'project:src/test/gls/generics/GenericsTest.groovy':[
84,
112,
122,
132,
142,
156,
170,
186,
],
'project:src/test/gls/syntax/Gep3OrderDslTest.groovy':[
75,
],
'project:src/test/gls/syntax/Gep3Test.groovy':[
166,
],
'project:src/test/groovy/ClosureCurryTest.groovy':[
205,
],
'project:src/test/groovy/ClosureMethodTest.groovy':[
243,
295,
303,
],
'project:src/test/groovy/CollateTest.groovy':[
32,
40,
48,
78,
86,
],
'project:src/test/groovy/FileTest.groovy':[
104,
114,
159,
166,
175,
182,
201,
211,
237,
258,
265,
290,
298,
306,
314,
322,
329,
337,
],
'project:src/test/groovy/GroovyCharSequenceMethodsTest.groovy':[
39,
39,
],
'project:src/test/groovy/GroovyMethodsTest.groovy':[
106,
627,
855,
1025,
1092,
1213,
],
'project:src/test/groovy/KeywordsInPropertyNamesTest.groovy':[
33,
38,
50,
],
'project:src/test/groovy/MinMaxTest.groovy':[
41,
],
'project:src/test/groovy/NamedParameterTest.groovy':[
17,
26,
],
'project:src/test/groovy/RegularExpressionsTest.groovy':[
548,
],
'project:src/test/groovy/SortTest.groovy':[
59,
],
'project:src/test/groovy/StaticImportTest.groovy':[
142,
148,
152,
164,
168,
173,
183,
189,
193,
209,
215,
219,
],
'project:src/test/groovy/bugs/Groovy2365Base.groovy':[
18,
],
'project:src/test/groovy/bugs/Groovy3205Bug.groovy':[
5,
],
'project:src/test/groovy/bugs/Groovy3509Bug.groovy':[
6,
13,
20,
],
'project:src/test/groovy/bugs/Groovy5056Bug.groovy':[
28,
35,
53,
],
'project:src/test/groovy/bugs/Groovy6041Bug.groovy':[
27,
],
'project:src/test/groovy/execute/ExecuteTest.groovy':[
74,
127,
],
'project:src/test/groovy/grape/GrapeIvyTest.groovy':[
29,
92,
258,
266,
],
'project:src/test/groovy/transform/AnnotationCollectorTest.groovy':[
398,
],
'project:src/test/groovy/transform/stc/MiscSTCTest.groovy':[
252,
],
'project:src/test/groovy/transform/stc/TypeInferenceSTCTest.groovy':[
626,
650,
],
'project:src/test/groovy/util/BuilderSupportTest.groovy':[
18,
27,
36,
49,
63,
73,
83,
93,
],
'project:src/test/groovy/util/FactoryBuilderSupportTest.groovy':[
21,
38,
54,
73,
96,
112,
128,
144,
160,
176,
192,
208,
320,
344,
368,
394,
424,
448,
472,
496,
523,
540,
576,
599,
635,
658,
692,
725,
752,
],
'project:src/test/groovy/util/GroovyCollectionsTest.groovy':[
33,
],
'project:src/test/groovy/util/ProxyGeneratorAdapterTest.groovy':[
155,
],
'project:src/test/org/codehaus/groovy/ClosureAndInnerClassNodeStructureTest.groovy':[
55,
],
'project:src/test/org/codehaus/groovy/ast/builder/AstBuilderFromCodeTest.groovy':[
266,
291,
311,
339,
357,
383,
432,
468,
529,
584,
601,
617,
633,
658,
676,
691,
706,
723,
740,
756,
775,
804,
819,
839,
],
'project:src/test/org/codehaus/groovy/ast/builder/AstBuilderFromSpecificationTest.groovy':[
48,
208,
217,
327,
331,
373,
378,
779,
807,
894,
934,
947,
989,
995,
1058,
1076,
1156,
1262,
1309,
1364,
1408,
1444,
1521,
1525,
1613,
1657,
],
'project:src/test/org/codehaus/groovy/ast/builder/AstBuilderFromStringTest.groovy':[
69,
86,
114,
136,
154,
188,
235,
296,
321,
338,
],
'project:src/test/org/codehaus/groovy/ast/source/SourceBaseTestCase.groovy':[
21,
],
'project:src/test/org/codehaus/groovy/classgen/asm/BinaryOperationsTest.groovy':[
16,
28,
52,
94,
],
'project:src/test/org/codehaus/groovy/classgen/asm/CovariantReturnBytecodeTest.groovy':[
33,
],
'project:src/test/org/codehaus/groovy/classgen/asm/DirectMethodCallTest.groovy':[
22,
32,
],
'project:src/test/org/codehaus/groovy/classgen/asm/HotSwapTest.groovy':[
14,
23,
],
'project:src/test/org/codehaus/groovy/classgen/asm/InstructionSequenceHelperClassTest.groovy':[
20,
29,
51,
66,
89,
102,
105,
],
'project:src/test/org/codehaus/groovy/classgen/asm/MethodPatternsTest.groovy':[
34,
171,
327,
373,
],
'project:src/test/org/codehaus/groovy/classgen/asm/sc/StaticCompilationTest.groovy':[
12,
24,
34,
44,
54,
64,
72,
80,
88,
96,
104,
113,
125,
139,
152,
164,
176,
247,
281,
298,
311,
327,
],
'project:src/test/org/codehaus/groovy/classgen/asm/sc/StaticCompileArrayLengthAndGet.groovy':[
14,
28,
43,
],
'project:src/test/org/codehaus/groovy/classgen/asm/sc/StaticCompileComparisonTest.groovy':[
14,
26,
38,
50,
66,
79,
],
'project:src/test/org/codehaus/groovy/classgen/asm/sc/StaticCompileDGMMethodTest.groovy':[
15,
30,
],
'project:src/test/org/codehaus/groovy/classgen/asm/sc/StaticCompileFieldAccessTest.groovy':[
60,
82,
104,
124,
143,
162,
181,
],
'project:src/test/org/codehaus/groovy/classgen/asm/sc/StaticCompileMathTest.groovy':[
287,
306,
],
'project:src/test/org/codehaus/groovy/classgen/asm/sc/StaticCompileNullCompareOptimizationTest.groovy':[
19,
30,
42,
54,
66,
80,
124,
135,
153,
164,
219,
230,
],
'project:src/test/org/codehaus/groovy/control/customizers/SecureASTCustomizerTest.groovy':[
401,
],
'project:src/test/org/codehaus/groovy/tools/stubgenerator/AnnotationMemberValuesResolutionV1StubsTest.groovy':[
28,
],
'project:src/test/org/codehaus/groovy/tools/stubgenerator/AnnotationMemberValuesResolutionV2StubsTest.groovy':[
27,
],
'project:src/test/org/codehaus/groovy/tools/stubgenerator/AnnotationMemberValuesResolutionV3StubsTest.groovy':[
27,
],
'project:src/test/org/codehaus/groovy/tools/stubgenerator/AnnotationMemberValuesResolutionV4StubsTest.groovy':[
27,
],
'project:src/test/org/codehaus/groovy/tools/stubgenerator/ArrayAnnotationsShouldAppearInStubsTest.groovy':[
28,
],
'project:src/test/org/codehaus/groovy/tools/stubgenerator/BadGenericsExpansionOnInnerClassStubsTest.groovy':[
17,
],
'project:src/test/org/codehaus/groovy/tools/stubgenerator/DefaultValueReturnTypeShouldUseGenericsStubsTest.groovy':[
11,
],
'project:src/test/org/codehaus/groovy/tools/stubgenerator/EnsureClassAnnotationPresentInStubTest.groovy':[
9,
],
'project:src/test/org/codehaus/groovy/tools/stubgenerator/EscapingOfStringAnnotationValuesTest.groovy':[
27,
],
'project:src/test/org/codehaus/groovy/tools/stubgenerator/ExceptionThrowingSuperConstructorTest.groovy':[
26,
],
'project:src/test/org/codehaus/groovy/tools/stubgenerator/GenericsTypesHavePackageNamesStubTest.groovy':[
26,
],
'project:src/test/org/codehaus/groovy/tools/stubgenerator/Groovy5859Bug.groovy':[
22,
],
'project:src/test/org/codehaus/groovy/tools/stubgenerator/ImmutableWithJointCompilationStubTest.groovy':[
26,
],
'project:src/test/org/codehaus/groovy/tools/stubgenerator/ImportAliasesShouldNotAppearInStubsTest.groovy':[
28,
],
'project:src/test/org/codehaus/groovy/tools/stubgenerator/InterfaceWithPrimitiveFieldsTest.groovy':[
26,
],
'project:src/test/org/codehaus/groovy/tools/stubgenerator/MultilineStringStubTest.groovy':[
26,
],
'project:src/test/org/codehaus/groovy/tools/stubgenerator/NestedGenericsTypesStubTest.groovy':[
26,
],
'project:src/test/org/codehaus/groovy/tools/stubgenerator/NoStaticGetMetaClassSyntheticMethodInStubsTest.groovy':[
27,
],
'project:src/test/org/codehaus/groovy/tools/stubgenerator/PropertyWithCustomSetterHavingReturnTypeStubTest.groovy':[
27,
],
'project:src/test/org/codehaus/groovy/tools/stubgenerator/RedundantCastInStubTest.groovy':[
27,
],
'project:src/test/org/codehaus/groovy/tools/stubgenerator/StubGenerationForAnAnnotationStubsTest.groovy':[
26,
],
'project:src/test/org/codehaus/groovy/tools/stubgenerator/UnAmbigousSuperConstructorCallStubsTest.groovy':[
27,
],
'project:src/test/org/codehaus/groovy/tools/stubgenerator/VarargsMethodParamsStubTest.groovy':[
26,
],
'project:src/test/org/codehaus/groovy/tools/stubgenerator/WrongCastForGenericReturnValueOfMethodStubsTest.groovy':[
14,
],
'project:src/test/org/codehaus/groovy/transform/stc/SignatureCodecTest.groovy':[
23,
],
'project:src/test/org/codehaus/groovy/transform/tailrec/RecursivenessTesterTest.groovy':[
258,
],
'project:src/test/org/codehaus/groovy/transform/tailrec/StatementReplacerTest.groovy':[
84,
190,
],
'project:subprojects/groovy-ant/src/test/groovy/groovy/util/AntTest.groovy':[
137,
],
'project:subprojects/groovy-console/src/main/groovy/groovy/inspect/swingui/AstBrowser.groovy':[
117,
121,
125,
420,
423,
],
'project:subprojects/groovy-console/src/main/groovy/groovy/inspect/swingui/ObjectBrowser.groovy':[
52,
64,
],
'project:subprojects/groovy-console/src/main/groovy/groovy/ui/Console.groovy':[
253,
253,
278,
792,
947,
1012,
1068,
],
'project:subprojects/groovy-console/src/main/groovy/groovy/ui/ConsoleActions.groovy':[
29,
38,
45,
54,
70,
77,
87,
96,
105,
128,
137,
146,
155,
164,
171,
181,
191,
198,
208,
234,
241,
255,
261,
267,
273,
279,
285,
291,
322,
328,
334,
341,
348,
354,
360,
369,
377,
],
'project:subprojects/groovy-console/src/main/groovy/groovy/ui/ConsoleIvyPlugin.groovy':[
41,
],
'project:subprojects/groovy-console/src/main/groovy/groovy/ui/view/BasicContentPane.groovy':[
45,
122,
127,
],
'project:subprojects/groovy-console/src/main/groovy/groovy/ui/view/GTKDefaults.groovy':[
64,
],
'project:subprojects/groovy-console/src/test/groovy/groovy/inspect/swingui/ScriptToTreeNodeAdapterTest.groovy':[
131,
529,
],
'project:subprojects/groovy-console/src/test/groovy/groovy/swing/SwingBuilderConsoleTest.groovy':[
140,
],
'project:subprojects/groovy-docgenerator/src/main/groovy/org/codehaus/groovy/tools/DocGenerator.groovy':[
252,
268,
335,
],
'project:subprojects/groovy-groovysh/src/main/groovy/org/codehaus/groovy/tools/shell/InteractiveShellRunner.groovy':[
66,
],
'project:subprojects/groovy-groovysh/src/main/groovy/org/codehaus/groovy/tools/shell/commands/AliasCommand.groovy':[
40,
],
'project:subprojects/groovy-groovysh/src/main/groovy/org/codehaus/groovy/tools/shell/commands/DocCommand.groovy':[
73,
],
'project:subprojects/groovy-groovysh/src/main/groovy/org/codehaus/groovy/tools/shell/commands/HelpCommand.groovy':[
42,
],
'project:subprojects/groovy-groovysh/src/main/groovy/org/codehaus/groovy/tools/shell/commands/HistoryCommand.groovy':[
46,
],
'project:subprojects/groovy-groovysh/src/main/groovy/org/codehaus/groovy/tools/shell/commands/ImportCommand.groovy':[
52,
],
'project:subprojects/groovy-groovysh/src/main/groovy/org/codehaus/groovy/tools/shell/commands/InspectCommand.groovy':[
45,
],
'project:subprojects/groovy-groovysh/src/main/groovy/org/codehaus/groovy/tools/shell/commands/SaveCommand.groovy':[
37,
],
'project:subprojects/groovy-groovysh/src/main/groovy/org/codehaus/groovy/tools/shell/commands/SetCommand.groovy':[
58,
],
'project:subprojects/groovy-groovysh/src/main/groovy/org/codehaus/groovy/tools/shell/completion/GroovySyntaxCompletor.groovy':[
268,
],
'project:subprojects/groovy-groovysh/src/main/groovy/org/codehaus/groovy/tools/shell/completion/KeywordSyntaxCompletor.groovy':[
26,
69,
76,
],
'project:subprojects/groovy-groovysh/src/main/groovy/org/codehaus/groovy/tools/shell/completion/ReflectionCompletor.groovy':[
352,
369,
396,
404,
417,
427,
],
'project:subprojects/groovy-groovysh/src/main/groovy/org/codehaus/groovy/tools/shell/util/DefaultCommandsRegistrar.groovy':[
62,
],
'project:subprojects/groovy-groovysh/src/test/groovy/org/codehaus/groovy/tools/shell/GroovyshTest.groovy':[
81,
81,
257,
282,
],
'project:subprojects/groovy-groovysh/src/test/groovy/org/codehaus/groovy/tools/shell/commands/DocCommandTest.groovy':[
72,
],
'project:subprojects/groovy-jmx/src/main/groovy/groovy/jmx/builder/JmxBuilderTools.groovy':[
95,
95,
105,
105,
],
'project:subprojects/groovy-jmx/src/main/groovy/groovy/jmx/builder/JmxMetaMapBuilder.groovy':[
31,
68,
81,
104,
137,
151,
],
'project:subprojects/groovy-jmx/src/main/groovy/groovy/jmx/builder/JmxOperationInfoManager.groovy':[
200,
],
'project:subprojects/groovy-jmx/src/test/groovy/groovy/jmx/builder/JmxBeanExportFactoryTest.groovy':[
162,
185,
255,
264,
],
'project:subprojects/groovy-jmx/src/test/groovy/groovy/jmx/builder/JmxBeanFactoryTest.groovy':[
70,
],
'project:subprojects/groovy-jmx/src/test/groovy/groovy/jmx/builder/JmxClientConnectorFactoryTest.groovy':[
42,
63,
],
'project:subprojects/groovy-jmx/src/test/groovy/groovy/jmx/builder/JmxEmitterFactoryTest.groovy':[
46,
],
'project:subprojects/groovy-jmx/src/test/groovy/groovy/jmx/builder/JmxListenerFactoryTest.groovy':[
44,
52,
],
'project:subprojects/groovy-jmx/src/test/groovy/groovy/jmx/builder/JmxMetaMapBuilderTest.groovy':[
135,
372,
],
'project:subprojects/groovy-jmx/src/test/groovy/groovy/jmx/builder/MockEmbeddedClass.groovy':[
43,
43,
49,
49,
91,
91,
],
'project:subprojects/groovy-jmx/src/test/groovy/groovy/jmx/builder/MockManagedGroovyObject.groovy':[
32,
32,
],
'project:subprojects/groovy-json/src/test/groovy/groovy/json/JsonBuilderTest.groovy':[
186,
195,
228,
234,
241,
],
'project:subprojects/groovy-json/src/test/groovy/groovy/json/JsonLexerTest.groovy':[
46,
58,
],
'project:subprojects/groovy-json/src/test/groovy/groovy/json/JsonOutputTest.groovy':[
198,
204,
211,
270,
],
'project:subprojects/groovy-json/src/test/groovy/groovy/json/JsonSlurperTest.groovy':[
202,
],
'project:subprojects/groovy-json/src/test/groovy/groovy/json/StreamingJsonBuilderTest.groovy':[
221,
230,
270,
276,
283,
],
'project:subprojects/groovy-servlet/src/test/groovy/groovy/servlet/AbstractHttpServletTest.groovy':[
74,
89,
104,
109,
112,
126,
131,
134,
147,
151,
168,
175,
192,
199,
215,
223,
233,
253,
260,
270,
],
'project:subprojects/groovy-servlet/src/test/groovy/groovy/servlet/ServletBindingTest.groovy':[
49,
49,
79,
106,
140,
158,
181,
206,
],
'project:subprojects/groovy-sql/src/test/groovy/groovy/sql/PersonTest.groovy':[
99,
],
'project:subprojects/groovy-sql/src/test/groovy/groovy/sql/SqlBatchTest.groovy':[
33,
],
'project:subprojects/groovy-sql/src/test/groovy/groovy/sql/SqlCacheTest.groovy':[
43,
],
'project:subprojects/groovy-sql/src/test/groovy/groovy/sql/SqlCallTest.groovy':[
34,
],
'project:subprojects/groovy-sql/src/test/groovy/groovy/sql/SqlHelperTestCase.groovy':[
99,
],
'project:subprojects/groovy-sql/src/test/groovy/groovy/sql/SqlStatementTest.groovy':[
32,
],
'project:subprojects/groovy-sql/src/test/groovy/groovy/sql/SqlTest.groovy':[
154,
],
'project:subprojects/groovy-sql/src/test/groovy/groovy/sql/SqlTransactionConnectionTest.groovy':[
31,
],
'project:subprojects/groovy-sql/src/test/groovy/groovy/sql/SqlTransactionDataSourceTest.groovy':[
30,
],
'project:subprojects/groovy-swing/src/main/groovy/groovy/swing/LookAndFeelHelper.groovy':[
37,
152,
167,
181,
],
'project:subprojects/groovy-swing/src/test/groovy/groovy/swing/BindPathTest.groovy':[
95,
],
'project:subprojects/groovy-swing/src/test/groovy/groovy/swing/SwingBuilderBindingsTest.groovy':[
341,
608,
783,
997,
1001,
1058,
1062,
1079,
1087,
],
'project:subprojects/groovy-swing/src/test/groovy/groovy/swing/SwingBuilderTableTest.groovy':[
129,
174,
182,
205,
211,
276,
282,
],
'project:subprojects/groovy-swing/src/test/groovy/groovy/swing/SwingBuilderTest.groovy':[
83,
623,
630,
677,
790,
1659,
1667,
1676,
1685,
1693,
],
'project:subprojects/groovy-swing/src/test/groovy/groovy/swing/SwingMetaMethodsTest.groovy':[
66,
130,
],
'project:subprojects/groovy-xml/src/main/groovy/groovy/xml/StreamingDOMBuilder.groovy':[
185,
],
'project:subprojects/groovy-xml/src/main/groovy/groovy/xml/StreamingMarkupBuilder.groovy':[
208,
],
'project:subprojects/groovy-xml/src/main/groovy/groovy/xml/StreamingSAXBuilder.groovy':[
146,
],
'project:subprojects/groovy-xml/src/main/groovy/groovy/xml/streamingmarkupsupport/AbstractStreamingBuilder.groovy':[
63,
63,
],
'project:subprojects/groovy-xml/src/test/groovy/groovy/xml/StreamingSAXBuilderTest.groovy':[
87,
],
'project:subprojects/groovy-xml/src/test/groovy/groovy/xml/XmlUtilTest.groovy':[
52,
69,
],
'project:subprojects/groovy-xml/src/test/groovy/groovy/xml/dom/DOMTest.groovy':[
93,
],
'project:subprojects/groovy-xml/src/test/groovy/groovy/xml/dom/NamespaceDOMTest.groovy':[
86,
],
}
